
================================================================================
  P2P WORKFLOW TEST - NOVA PRO PRODUCTION MODE
================================================================================
Time: 2026-01-18 21:02:34
Requisition: REQ-000036
Mode: AWS Professional Style (No Emojis)
